17:50:23 **** Auto Build of configuration Debug for project counter_app ****
make pre-build main-build 
a9-linaro-pre-build-step
 
Building file: ../src/contador.c
Invoking: ARM v7 gcc compiler
arm-none-eabi-gcc -Wall -O0 -g3 -c -fmessage-length=0 -MT"src/contador.o" -mcpu=cortex-a9 -mfpu=vfpv3 -mfloat-abi=hard -I../../counter_app_bsp/ps7_cortexa9_0/include -MMD -MP -MF"src/contador.d" -MT"src/contador.o" -o "src/contador.o" "../src/contador.c"
../src/contador.c: In function 'main':
../src/contador.c:55:5: warning: implicit declaration of function 'sleep'; did you mean 'strsep'? [-Wimplicit-function-declaration]
     sleep(1);
     ^~~~~
     strsep
Finished building: ../src/contador.c
 
Building target: counter_app.elf
Invoking: ARM v7 gcc linker
arm-none-eabi-gcc -mcpu=cortex-a9 -mfpu=vfpv3 -mfloat-abi=hard -Wl,-build-id=none -specs=Xilinx.spec -Wl,-T -Wl,../src/lscript.ld -L../../counter_app_bsp/ps7_cortexa9_0/lib -o "counter_app.elf" ./src/contador.o   -Wl,--start-group,-lxil,-lgcc,-lc,--end-group
Finished building target: counter_app.elf
 
Invoking: ARM v7 Print Size
arm-none-eabi-size counter_app.elf  |tee "counter_app.elf.size"
   text	   data	    bss	    dec	    hex	filename
  24528	   1144	  22568	  48240	   bc70	counter_app.elf
Finished building: counter_app.elf.size
 

17:50:25 Build Finished (took 1s.888ms)

